C:\Users\24153691\Documents\Aula-tarde_git>git clone https://github.com/lucas-silva-21/Versionamento
Cloning into 'Versionamento'...
remote: Enumerating objects: 3, done.
remote: Counting objects: 100% (3/3), done.
remote: Compressing objects: 100% (3/3), done.
remote: Total 3 (delta 0), reused 3 (delta 0), pack-reused 0
Receiving objects: 100% (3/3), 90.13 KiB | 30.04 MiB/s, done.


>>Novo:
Untracked files:
  (use "git add <file>..." to include in what will be committed)
        Comando-da-tarde.txt

nothing added to commit but untracked files present (use "git add" to track)

C:\Users\24153691\Documents\Aula-tarde_git\Versionamento>git add .

C:\Users\24153691\Documents\Aula-tarde_git\Versionamento>git status
On branch main
Your branch is up to date with 'origin/main'.

Changes to be committed:
  (use "git restore --staged <file>..." to unstage)
        new file:   Comando-da-tarde.txt

>>Novo2:
C:\Users\24153691\Documents\Aula-tarde_git\Versionamento>git commit -m "Arquivo de comando-da-tarde TXT"
[main 486bdad] Arquivo de comando-da-tarde TXT
 Committer: LUCAS DA SILVA OLIVEIRA <24153691@edu119.local>
Your name and email address were configured automatically based
on your username and hostname. Please check that they are accurate.
You can suppress this message by setting them explicitly:

    git config --global user.name "Your Name"
    git config --global user.email you@example.com

After doing this, you may fix the identity used for this commit with:

    git commit --amend --reset-author

 1 file changed, 7 insertions(+)
 create mode 100644 Comando-da-tarde.txt